{Heap before GC invocations=0 (full 0):
 par new generation   total 109248K, used 87424K [0x00000000d0000000, 0x00000000d8000000, 0x00000000d8000000)
  eden space 87424K, 100% used [0x00000000d0000000, 0x00000000d5560000, 0x00000000d5560000)
  from space 21824K,   0% used [0x00000000d5560000, 0x00000000d5560000, 0x00000000d6ab0000)
  to   space 21824K,   0% used [0x00000000d6ab0000, 0x00000000d6ab0000, 0x00000000d8000000)
 concurrent mark-sweep generation total 393216K, used 0K [0x00000000d8000000, 0x00000000f0000000, 0x00000000f0000000)
 concurrent-mark-sweep perm gen total 262144K, used 16274K [0x00000000f0000000, 0x0000000100000000, 0x0000000100000000)
2014-09-22T12:05:57.986-0600: 19.153: [GC2014-09-22T12:05:57.989-0600: 19.155: [ParNew
Desired survivor size 20112992 bytes, new threshold 8 (max 8)
- age   1:   10293624 bytes,   10293624 total
: 87424K->10156K(109248K), 0.0623327 secs] 87424K->10156K(502464K), 0.0656568 secs] [Times: user=0.17 sys=0.05, real=0.07 secs] 
Heap after GC invocations=1 (full 0):
 par new generation   total 109248K, used 10156K [0x00000000d0000000, 0x00000000d8000000, 0x00000000d8000000)
  eden space 87424K,   0% used [0x00000000d0000000, 0x00000000d0000000, 0x00000000d5560000)
  from space 21824K,  46% used [0x00000000d6ab0000, 0x00000000d749b030, 0x00000000d8000000)
  to   space 21824K,   0% used [0x00000000d5560000, 0x00000000d5560000, 0x00000000d6ab0000)
 concurrent mark-sweep generation total 393216K, used 0K [0x00000000d8000000, 0x00000000f0000000, 0x00000000f0000000)
 concurrent-mark-sweep perm gen total 262144K, used 16274K [0x00000000f0000000, 0x0000000100000000, 0x0000000100000000)
}
{Heap before GC invocations=1 (full 0):
 par new generation   total 109248K, used 97580K [0x00000000d0000000, 0x00000000d8000000, 0x00000000d8000000)
  eden space 87424K, 100% used [0x00000000d0000000, 0x00000000d5560000, 0x00000000d5560000)
  from space 21824K,  46% used [0x00000000d6ab0000, 0x00000000d749b030, 0x00000000d8000000)
  to   space 21824K,   0% used [0x00000000d5560000, 0x00000000d5560000, 0x00000000d6ab0000)
 concurrent mark-sweep generation total 393216K, used 0K [0x00000000d8000000, 0x00000000f0000000, 0x00000000f0000000)
 concurrent-mark-sweep perm gen total 262144K, used 19436K [0x00000000f0000000, 0x0000000100000000, 0x0000000100000000)
2014-09-22T12:06:10.175-0600: 31.340: [GC2014-09-22T12:06:10.175-0600: 31.340: [ParNew
Desired survivor size 20112992 bytes, new threshold 8 (max 8)
- age   1:    5380784 bytes,    5380784 total
- age   2:    3810240 bytes,    9191024 total
: 97580K->11824K(109248K), 0.0249841 secs] 97580K->11824K(502464K), 0.0251057 secs] [Times: user=0.06 sys=0.00, real=0.03 secs] 
Heap after GC invocations=2 (full 0):
 par new generation   total 109248K, used 11824K [0x00000000d0000000, 0x00000000d8000000, 0x00000000d8000000)
  eden space 87424K,   0% used [0x00000000d0000000, 0x00000000d0000000, 0x00000000d5560000)
  from space 21824K,  54% used [0x00000000d5560000, 0x00000000d60ec300, 0x00000000d6ab0000)
  to   space 21824K,   0% used [0x00000000d6ab0000, 0x00000000d6ab0000, 0x00000000d8000000)
 concurrent mark-sweep generation total 393216K, used 0K [0x00000000d8000000, 0x00000000f0000000, 0x00000000f0000000)
 concurrent-mark-sweep perm gen total 262144K, used 19436K [0x00000000f0000000, 0x0000000100000000, 0x0000000100000000)
}
{Heap before GC invocations=2 (full 0):
 par new generation   total 109248K, used 99248K [0x00000000d0000000, 0x00000000d8000000, 0x00000000d8000000)
  eden space 87424K, 100% used [0x00000000d0000000, 0x00000000d5560000, 0x00000000d5560000)
  from space 21824K,  54% used [0x00000000d5560000, 0x00000000d60ec300, 0x00000000d6ab0000)
  to   space 21824K,   0% used [0x00000000d6ab0000, 0x00000000d6ab0000, 0x00000000d8000000)
 concurrent mark-sweep generation total 393216K, used 0K [0x00000000d8000000, 0x00000000f0000000, 0x00000000f0000000)
 concurrent-mark-sweep perm gen total 262144K, used 20295K [0x00000000f0000000, 0x0000000100000000, 0x0000000100000000)
2014-09-22T12:06:10.805-0600: 31.970: [GC2014-09-22T12:06:10.805-0600: 31.970: [ParNew
Desired survivor size 20112992 bytes, new threshold 8 (max 8)
- age   1:    1007288 bytes,    1007288 total
- age   2:    2942840 bytes,    3950128 total
- age   3:    3803064 bytes,    7753192 total
: 99248K->10897K(109248K), 0.0205990 secs] 99248K->10897K(502464K), 0.0208579 secs] [Times: user=0.06 sys=0.00, real=0.02 secs] 
Heap after GC invocations=3 (full 0):
 par new generation   total 109248K, used 10897K [0x00000000d0000000, 0x00000000d8000000, 0x00000000d8000000)
  eden space 87424K,   0% used [0x00000000d0000000, 0x00000000d0000000, 0x00000000d5560000)
  from space 21824K,  49% used [0x00000000d6ab0000, 0x00000000d75546f0, 0x00000000d8000000)
  to   space 21824K,   0% used [0x00000000d5560000, 0x00000000d5560000, 0x00000000d6ab0000)
 concurrent mark-sweep generation total 393216K, used 0K [0x00000000d8000000, 0x00000000f0000000, 0x00000000f0000000)
 concurrent-mark-sweep perm gen total 262144K, used 20295K [0x00000000f0000000, 0x0000000100000000, 0x0000000100000000)
}
{Heap before GC invocations=3 (full 0):
 par new generation   total 109248K, used 98321K [0x00000000d0000000, 0x00000000d8000000, 0x00000000d8000000)
  eden space 87424K, 100% used [0x00000000d0000000, 0x00000000d5560000, 0x00000000d5560000)
  from space 21824K,  49% used [0x00000000d6ab0000, 0x00000000d75546f0, 0x00000000d8000000)
  to   space 21824K,   0% used [0x00000000d5560000, 0x00000000d5560000, 0x00000000d6ab0000)
 concurrent mark-sweep generation total 393216K, used 0K [0x00000000d8000000, 0x00000000f0000000, 0x00000000f0000000)
 concurrent-mark-sweep perm gen total 262144K, used 20982K [0x00000000f0000000, 0x0000000100000000, 0x0000000100000000)
2014-09-22T12:06:12.207-0600: 33.371: [GC2014-09-22T12:06:12.207-0600: 33.371: [ParNew
Desired survivor size 20112992 bytes, new threshold 8 (max 8)
- age   1:     365112 bytes,     365112 total
- age   2:     209280 bytes,     574392 total
- age   3:    2942808 bytes,    3517200 total
- age   4:    3803184 bytes,    7320384 total
: 98321K->10125K(109248K), 0.0378853 secs] 98321K->10125K(502464K), 0.0381069 secs] [Times: user=0.11 sys=0.00, real=0.04 secs] 
Heap after GC invocations=4 (full 0):
 par new generation   total 109248K, used 10125K [0x00000000d0000000, 0x00000000d8000000, 0x00000000d8000000)
  eden space 87424K,   0% used [0x00000000d0000000, 0x00000000d0000000, 0x00000000d5560000)
  from space 21824K,  46% used [0x00000000d5560000, 0x00000000d5f43590, 0x00000000d6ab0000)
  to   space 21824K,   0% used [0x00000000d6ab0000, 0x00000000d6ab0000, 0x00000000d8000000)
 concurrent mark-sweep generation total 393216K, used 0K [0x00000000d8000000, 0x00000000f0000000, 0x00000000f0000000)
 concurrent-mark-sweep perm gen total 262144K, used 20982K [0x00000000f0000000, 0x0000000100000000, 0x0000000100000000)
}
Heap
 par new generation   total 109248K, used 92182K [0x00000000d0000000, 0x00000000d8000000, 0x00000000d8000000)
  eden space 87424K,  93% used [0x00000000d0000000, 0x00000000d5022270, 0x00000000d5560000)
  from space 21824K,  46% used [0x00000000d5560000, 0x00000000d5f43590, 0x00000000d6ab0000)
  to   space 21824K,   0% used [0x00000000d6ab0000, 0x00000000d6ab0000, 0x00000000d8000000)
 concurrent mark-sweep generation total 393216K, used 0K [0x00000000d8000000, 0x00000000f0000000, 0x00000000f0000000)
 concurrent-mark-sweep perm gen total 262144K, used 27732K [0x00000000f0000000, 0x0000000100000000, 0x0000000100000000)
